> Task :app:checkKotlinGradlePluginConfigurationErrors SKIPPED
> Task :app:preBuild UP-TO-DATE
> Task :app:preAppDebugBuild UP-TO-DATE
> Task :app:dataBindingMergeDependencyArtifactsAppDebug UP-TO-DATE
> Task :app:generateAppDebugResources
> Task :app:processAppDebugGoogleServices UP-TO-DATE
> Task :modules:book:preBuild UP-TO-DATE
> Task :modules:book:preDebugBuild UP-TO-DATE
> Task :modules:book:generateDebugResources UP-TO-DATE
> Task :modules:book:packageDebugResources UP-TO-DATE
> Task :modules:rhino:preBuild UP-TO-DATE
> Task :modules:rhino:preDebugBuild UP-TO-DATE
> Task :modules:rhino:generateDebugResources UP-TO-DATE
> Task :modules:rhino:packageDebugResources UP-TO-DATE
> Task :app:mergeAppDebugResources
> Task :app:packageAppDebugResources
> Task :modules:book:processDebugNavigationResources UP-TO-DATE
> Task :modules:rhino:processDebugNavigationResources UP-TO-DATE
> Task :app:processAppDebugNavigationResources
> Task :modules:book:parseDebugLocalResources UP-TO-DATE
> Task :modules:book:generateDebugRFile UP-TO-DATE
> Task :modules:rhino:parseDebugLocalResources UP-TO-DATE
> Task :modules:rhino:generateDebugRFile UP-TO-DATE
> Task :app:generateAppDebugBuildConfig
> Task :modules:book:writeDebugAarMetadata UP-TO-DATE
> Task :modules:rhino:writeDebugAarMetadata UP-TO-DATE
> Task :app:checkAppDebugAarMetadata UP-TO-DATE
> Task :app:compileAppDebugNavigationResources UP-TO-DATE
> Task :app:mapAppDebugSourceSetPaths
> Task :app:createAppDebugCompatibleScreenManifests
> Task :app:extractDeepLinksAppDebug UP-TO-DATE
> Task :modules:book:extractDeepLinksDebug UP-TO-DATE
> Task :modules:book:processDebugManifest UP-TO-DATE
> Task :modules:rhino:extractDeepLinksDebug UP-TO-DATE
> Task :modules:rhino:processDebugManifest UP-TO-DATE
> Task :app:processAppDebugMainManifest
> Task :app:processAppDebugManifest
> Task :modules:book:compileDebugLibraryResources UP-TO-DATE
> Task :modules:rhino:compileDebugLibraryResources UP-TO-DATE
> Task :modules:book:checkKotlinGradlePluginConfigurationErrors SKIPPED
> Task :modules:book:compileDebugKotlin NO-SOURCE
> Task :modules:book:javaPreCompileDebug UP-TO-DATE
> Task :modules:book:compileDebugJavaWithJavac UP-TO-DATE
> Task :modules:book:bundleLibCompileToJarDebug UP-TO-DATE
> Task :modules:rhino:checkKotlinGradlePluginConfigurationErrors SKIPPED
> Task :modules:rhino:compileDebugKotlin UP-TO-DATE
> Task :modules:rhino:javaPreCompileDebug UP-TO-DATE
> Task :modules:rhino:compileDebugJavaWithJavac NO-SOURCE
> Task :modules:rhino:bundleLibCompileToJarDebug UP-TO-DATE
> Task :app:processAppDebugManifestForPackage
> Task :app:parseAppDebugLocalResources
> Task :app:dataBindingGenBaseClassesAppDebug
> Task :app:processAppDebugResources
> Task :app:kspAppDebugKotlin
> Task :app:compileAppDebugKotlin
w: file:///C:/Users/Administrator/Desktop/legado/app/src/main/java/io/legado/app/ui/book/read/ai/AiChatViewModel.kt:325:39 Elvis operator (?:) always returns the left operand of non-nullable type 'Map<String, Any>'.
w: file:///C:/Users/Administrator/Desktop/legado/app/src/main/java/io/legado/app/ui/book/read/ai/AiChatViewModel.kt:467:53 Unchecked cast of 'Any?' to 'List<Map<*, *>>'.
w: file:///C:/Users/Administrator/Desktop/legado/app/src/main/java/io/legado/app/ui/book/read/ai/ChatAdapter.kt:52:76 Elvis operator (?:) always returns the left operand of non-nullable type 'String'.
w: file:///C:/Users/Administrator/Desktop/legado/app/src/main/java/io/legado/app/ui/book/read/ai/ChatAdapter.kt:81:74 Elvis operator (?:) always returns the left operand of non-nullable type 'String'.

BUILD SUCCESSFUL in 2m 3s
44 actionable tasks: 15 executed, 29 up-to-date
